

================================================================
== Vitis HLS Report for 'xFSobel3x3_1_1_0_0_s'
================================================================
* Date:           Mon Jul 15 19:04:57 2024

* Version:        2023.2 (Build 4023990 on Oct 11 2023)
* Project:        sobel_resize_xf
* Solution:       sol2 (Vivado IP Flow Target)
* Product family: zynq
* Target device:  xc7z020-clg484-1


================================================================
== Performance Estimates
================================================================
+ Timing: 
    * Summary: 
    +--------+----------+----------+------------+
    |  Clock |  Target  | Estimated| Uncertainty|
    +--------+----------+----------+------------+
    |ap_clk  |  10.00 ns|  6.655 ns|     2.70 ns|
    +--------+----------+----------+------------+

+ Latency: 
    * Summary: 
    +---------+---------+-----------+-----------+-----+-----+---------+
    |  Latency (cycles) |   Latency (absolute)  |  Interval | Pipeline|
    |   min   |   max   |    min    |    max    | min | max |   Type  |
    +---------+---------+-----------+-----------+-----+-----+---------+
    |        1|        1|  10.000 ns|  10.000 ns|    1|    1|      yes|
    +---------+---------+-----------+-----------+-----+-----+---------+

    + Detail: 
        * Instance: 
        N/A

        * Loop: 
        N/A

============================================================
+ Verbose Summary: Synthesis Manager
============================================================
InlineROM: 1
ExposeGlobal: 0
============================================================
+ Verbose Summary: CDFG Model
============================================================
IsTopModel: 0
ResetActiveHigh: 1
IsCombinational: 0
IsDatapathOnly: 0
HasWiredReturn: 1
HasMFsm: 2
HasVarLatency: 0
IsPipeline: 1
IsRtlPipelined: 1
IsInstanceOverlapped: 0
IsDontTouch: 0
HasImplIP: 0
IsGatedGlobalClock: 0

+ Individual pipeline summary: 
  * Pipeline-0: initiation interval (II) = 1, depth = 2


============================================================
+ Verbose Summary: Schedule
============================================================
* Number of FSM states : 2
* Pipeline : 1
  Pipeline-0 : II = 1, D = 2, States = { 1 2 }
* Dataflow Pipeline: 0

* FSM state transitions: 
1 --> 2 
2 --> 

* FSM state operations: 

State 1 <SV = 0> <Delay = 3.73>
ST_1 : Operation 3 [1/1] (0.00ns)   --->   "%src_buf3_2_val_read = read i8 @_ssdm_op_Read.ap_auto.i8, i8 %src_buf3_2_val" [/home/sxy/Desktop/Vitis_Libraries/vision/L1/include/imgproc/xf_sobel.hpp:159]   --->   Operation 3 'read' 'src_buf3_2_val_read' <Predicate = true> <Delay = 0.00>
ST_1 : Operation 4 [1/1] (0.00ns)   --->   "%src_buf3_1_val_read = read i8 @_ssdm_op_Read.ap_auto.i8, i8 %src_buf3_1_val" [/home/sxy/Desktop/Vitis_Libraries/vision/L1/include/imgproc/xf_sobel.hpp:159]   --->   Operation 4 'read' 'src_buf3_1_val_read' <Predicate = true> <Delay = 0.00>
ST_1 : Operation 5 [1/1] (0.00ns)   --->   "%src_buf3_0_val_read = read i8 @_ssdm_op_Read.ap_auto.i8, i8 %src_buf3_0_val" [/home/sxy/Desktop/Vitis_Libraries/vision/L1/include/imgproc/xf_sobel.hpp:159]   --->   Operation 5 'read' 'src_buf3_0_val_read' <Predicate = true> <Delay = 0.00>
ST_1 : Operation 6 [1/1] (0.00ns)   --->   "%src_buf2_2_val_read = read i8 @_ssdm_op_Read.ap_auto.i8, i8 %src_buf2_2_val" [/home/sxy/Desktop/Vitis_Libraries/vision/L1/include/imgproc/xf_sobel.hpp:159]   --->   Operation 6 'read' 'src_buf2_2_val_read' <Predicate = true> <Delay = 0.00>
ST_1 : Operation 7 [1/1] (0.00ns)   --->   "%src_buf2_0_val_read = read i8 @_ssdm_op_Read.ap_auto.i8, i8 %src_buf2_0_val" [/home/sxy/Desktop/Vitis_Libraries/vision/L1/include/imgproc/xf_sobel.hpp:159]   --->   Operation 7 'read' 'src_buf2_0_val_read' <Predicate = true> <Delay = 0.00>
ST_1 : Operation 8 [1/1] (0.00ns)   --->   "%src_buf1_2_val_read = read i8 @_ssdm_op_Read.ap_auto.i8, i8 %src_buf1_2_val" [/home/sxy/Desktop/Vitis_Libraries/vision/L1/include/imgproc/xf_sobel.hpp:159]   --->   Operation 8 'read' 'src_buf1_2_val_read' <Predicate = true> <Delay = 0.00>
ST_1 : Operation 9 [1/1] (0.00ns)   --->   "%src_buf1_1_val_read = read i8 @_ssdm_op_Read.ap_auto.i8, i8 %src_buf1_1_val" [/home/sxy/Desktop/Vitis_Libraries/vision/L1/include/imgproc/xf_sobel.hpp:159]   --->   Operation 9 'read' 'src_buf1_1_val_read' <Predicate = true> <Delay = 0.00>
ST_1 : Operation 10 [1/1] (0.00ns)   --->   "%src_buf1_0_val_read = read i8 @_ssdm_op_Read.ap_auto.i8, i8 %src_buf1_0_val" [/home/sxy/Desktop/Vitis_Libraries/vision/L1/include/imgproc/xf_sobel.hpp:159]   --->   Operation 10 'read' 'src_buf1_0_val_read' <Predicate = true> <Delay = 0.00>
ST_1 : Operation 11 [2/2] (1.91ns)   --->   "%GradientvaluesX = call i8 @xFGradientX3x3<0, 0>, i8 %src_buf1_0_val_read, i8 %src_buf1_2_val_read, i8 %src_buf2_0_val_read, i8 %src_buf2_2_val_read, i8 %src_buf3_0_val_read, i8 %src_buf3_2_val_read" [/home/sxy/Desktop/Vitis_Libraries/vision/L1/include/imgproc/xf_sobel.hpp:159]   --->   Operation 11 'call' 'GradientvaluesX' <Predicate = true> <Delay = 1.91> <CoreType = "Generic">   --->   Core 0 '' <Latency = 0> <II = 1> <Delay = 1.00> <Generic> <Opcode : >
ST_1 : Operation 12 [2/2] (3.73ns)   --->   "%ref_tmp = call i8 @xFGradientY3x3<0, 0>, i8 %src_buf1_0_val_read, i8 %src_buf1_1_val_read, i8 %src_buf1_2_val_read, i8 %src_buf3_0_val_read, i8 %src_buf3_1_val_read, i8 %src_buf3_2_val_read" [/home/sxy/Desktop/Vitis_Libraries/vision/L1/include/imgproc/xf_sobel.hpp:166]   --->   Operation 12 'call' 'ref_tmp' <Predicate = true> <Delay = 3.73> <CoreType = "Generic">   --->   Core 0 '' <Latency = 0> <II = 1> <Delay = 1.00> <Generic> <Opcode : >

State 2 <SV = 1> <Delay = 6.65>
ST_2 : Operation 13 [1/2] (6.65ns)   --->   "%GradientvaluesX = call i8 @xFGradientX3x3<0, 0>, i8 %src_buf1_0_val_read, i8 %src_buf1_2_val_read, i8 %src_buf2_0_val_read, i8 %src_buf2_2_val_read, i8 %src_buf3_0_val_read, i8 %src_buf3_2_val_read" [/home/sxy/Desktop/Vitis_Libraries/vision/L1/include/imgproc/xf_sobel.hpp:159]   --->   Operation 13 'call' 'GradientvaluesX' <Predicate = true> <Delay = 6.65> <CoreType = "Generic">   --->   Core 0 '' <Latency = 0> <II = 1> <Delay = 1.00> <Generic> <Opcode : >
ST_2 : Operation 14 [1/2] (6.65ns)   --->   "%ref_tmp = call i8 @xFGradientY3x3<0, 0>, i8 %src_buf1_0_val_read, i8 %src_buf1_1_val_read, i8 %src_buf1_2_val_read, i8 %src_buf3_0_val_read, i8 %src_buf3_1_val_read, i8 %src_buf3_2_val_read" [/home/sxy/Desktop/Vitis_Libraries/vision/L1/include/imgproc/xf_sobel.hpp:166]   --->   Operation 14 'call' 'ref_tmp' <Predicate = true> <Delay = 6.65> <CoreType = "Generic">   --->   Core 0 '' <Latency = 0> <II = 1> <Delay = 1.00> <Generic> <Opcode : >
ST_2 : Operation 15 [1/1] (0.00ns)   --->   "%mrv = insertvalue i16 <undef>, i8 %GradientvaluesX" [/home/sxy/Desktop/Vitis_Libraries/vision/L1/include/imgproc/xf_sobel.hpp:175]   --->   Operation 15 'insertvalue' 'mrv' <Predicate = true> <Delay = 0.00>
ST_2 : Operation 16 [1/1] (0.00ns)   --->   "%mrv_1 = insertvalue i16 %mrv, i8 %ref_tmp" [/home/sxy/Desktop/Vitis_Libraries/vision/L1/include/imgproc/xf_sobel.hpp:175]   --->   Operation 16 'insertvalue' 'mrv_1' <Predicate = true> <Delay = 0.00>
ST_2 : Operation 17 [1/1] (0.00ns)   --->   "%ret_ln175 = ret i16 %mrv_1" [/home/sxy/Desktop/Vitis_Libraries/vision/L1/include/imgproc/xf_sobel.hpp:175]   --->   Operation 17 'ret' 'ret_ln175' <Predicate = true> <Delay = 0.00>


============================================================
+ Verbose Summary: Timing violations
============================================================
Target clock period: 10.000ns, clock uncertainty: 2.700ns.

 <State 1>: 3.738ns
The critical path consists of the following:
	wire read operation ('src_buf3_2_val_read', /home/sxy/Desktop/Vitis_Libraries/vision/L1/include/imgproc/xf_sobel.hpp:159) on port 'src_buf3_2_val' (/home/sxy/Desktop/Vitis_Libraries/vision/L1/include/imgproc/xf_sobel.hpp:159) [9]  (0.000 ns)
	'call' operation 8 bit ('ref_tmp', /home/sxy/Desktop/Vitis_Libraries/vision/L1/include/imgproc/xf_sobel.hpp:166) to 'xFGradientY3x3<0, 0>' [18]  (3.738 ns)

 <State 2>: 6.655ns
The critical path consists of the following:
	'call' operation 8 bit ('GradientvaluesX', /home/sxy/Desktop/Vitis_Libraries/vision/L1/include/imgproc/xf_sobel.hpp:159) to 'xFGradientX3x3<0, 0>' [17]  (6.655 ns)


============================================================
+ Verbose Summary: Binding
============================================================
N/A
* FSMD analyzer results:
  - Output states:
 - Input state : 
  - Chain level:
	State 1
	State 2


============================================================
+ Verbose Summary: Datapath Resource usage 
============================================================
N/A
