

================================================================
== Vitis HLS Report for 'xFSobelFilter3x3_0_0_64_64_1_0_0_1_2_2_2_1_1_64_false_s'
================================================================
* Date:           Mon Jul 15 19:04:57 2024

* Version:        2023.2 (Build 4023990 on Oct 11 2023)
* Project:        sobel_resize_xf
* Solution:       sol2 (Vivado IP Flow Target)
* Product family: zynq
* Target device:  xc7z020-clg484-1


================================================================
== Performance Estimates
================================================================
+ Timing: 
    * Summary: 
    +--------+----------+----------+------------+
    |  Clock |  Target  | Estimated| Uncertainty|
    +--------+----------+----------+------------+
    |ap_clk  |  10.00 ns|  6.919 ns|     2.70 ns|
    +--------+----------+----------+------------+

+ Latency: 
    * Summary: 
    +---------+---------+-----------+-----------+------+------+---------+
    |  Latency (cycles) |   Latency (absolute)  |   Interval  | Pipeline|
    |   min   |   max   |    min    |    max    |  min |  max |   Type  |
    +---------+---------+-----------+-----------+------+------+---------+
    |     4934|     4934|  49.340 us|  49.340 us|  4934|  4934|       no|
    +---------+---------+-----------+-----------+------+------+---------+

    + Detail: 
        * Instance: 
        N/A

        * Loop: 
        +------------+---------+---------+----------+-----------+-----------+------+----------+
        |            |  Latency (cycles) | Iteration|  Initiation Interval  | Trip |          |
        |  Loop Name |   min   |   max   |  Latency |  achieved |   target  | Count| Pipelined|
        +------------+---------+---------+----------+-----------+-----------+------+----------+
        |- Row_Loop  |     4864|     4864|        76|          -|          -|    64|        no|
        +------------+---------+---------+----------+-----------+-----------+------+----------+

============================================================
+ Verbose Summary: Synthesis Manager
============================================================
InlineROM: 1
ExposeGlobal: 0
============================================================
+ Verbose Summary: CDFG Model
============================================================
IsTopModel: 0
ResetActiveHigh: 1
IsCombinational: 0
IsDatapathOnly: 0
HasWiredReturn: 1
HasMFsm: 0
HasVarLatency: 1
IsPipeline: 0
IsRtlPipelined: 0
IsInstanceOverlapped: 0
IsDontTouch: 0
HasImplIP: 0
IsGatedGlobalClock: 0


============================================================
+ Verbose Summary: Schedule
============================================================
* Number of FSM states : 9
* Pipeline : 0
* Dataflow Pipeline: 0

* FSM state transitions: 
1 --> 2 
2 --> 3 
3 --> 4 
4 --> 5 
5 --> 6 
6 --> 7 
7 --> 8 
8 --> 9 
9 --> 5 

* FSM state operations: 

State 1 <SV = 0> <Delay = 1.58>
ST_1 : Operation 10 [1/1] (0.00ns)   --->   "%row_ind = alloca i32 1" [/home/sxy/Desktop/Vitis_Libraries/vision/L1/include/imgproc/xf_sobel.hpp:207->/home/sxy/Desktop/Vitis_Libraries/vision/L1/include/imgproc/xf_sobel.hpp:392]   --->   Operation 10 'alloca' 'row_ind' <Predicate = true> <Delay = 0.00>
ST_1 : Operation 11 [1/1] (0.00ns)   --->   "%row = alloca i32 1" [/home/sxy/Desktop/Vitis_Libraries/vision/L1/include/imgproc/xf_sobel.hpp:213->/home/sxy/Desktop/Vitis_Libraries/vision/L1/include/imgproc/xf_sobel.hpp:392]   --->   Operation 11 'alloca' 'row' <Predicate = true> <Delay = 0.00>
ST_1 : Operation 12 [1/1] (0.00ns)   --->   "%tp = alloca i32 1" [/home/sxy/Desktop/Vitis_Libraries/vision/L1/include/imgproc/xf_sobel.hpp:312]   --->   Operation 12 'alloca' 'tp' <Predicate = true> <Delay = 0.00>
ST_1 : Operation 13 [1/1] (0.00ns)   --->   "%mid = alloca i32 1" [/home/sxy/Desktop/Vitis_Libraries/vision/L1/include/imgproc/xf_sobel.hpp:312]   --->   Operation 13 'alloca' 'mid' <Predicate = true> <Delay = 0.00>
ST_1 : Operation 14 [1/1] (0.00ns)   --->   "%bottom = alloca i32 1" [/home/sxy/Desktop/Vitis_Libraries/vision/L1/include/imgproc/xf_sobel.hpp:312]   --->   Operation 14 'alloca' 'bottom' <Predicate = true> <Delay = 0.00>
ST_1 : Operation 15 [1/1] (0.00ns)   --->   "%img_width_read = read i16 @_ssdm_op_Read.ap_auto.i16, i16 %img_width"   --->   Operation 15 'read' 'img_width_read' <Predicate = true> <Delay = 0.00>
ST_1 : Operation 16 [1/1] (0.00ns)   --->   "%img_height_read = read i16 @_ssdm_op_Read.ap_auto.i16, i16 %img_height"   --->   Operation 16 'read' 'img_height_read' <Predicate = true> <Delay = 0.00>
ST_1 : Operation 17 [1/1] (0.00ns)   --->   "%src_buf1_1_loc = alloca i64 1"   --->   Operation 17 'alloca' 'src_buf1_1_loc' <Predicate = true> <Delay = 0.00>
ST_1 : Operation 18 [1/1] (0.00ns)   --->   "%src_buf1_loc = alloca i64 1"   --->   Operation 18 'alloca' 'src_buf1_loc' <Predicate = true> <Delay = 0.00>
ST_1 : Operation 19 [1/1] (0.00ns)   --->   "%src_buf3_1_loc = alloca i64 1"   --->   Operation 19 'alloca' 'src_buf3_1_loc' <Predicate = true> <Delay = 0.00>
ST_1 : Operation 20 [1/1] (0.00ns)   --->   "%src_buf2_loc = alloca i64 1"   --->   Operation 20 'alloca' 'src_buf2_loc' <Predicate = true> <Delay = 0.00>
ST_1 : Operation 21 [1/1] (0.00ns)   --->   "%src_buf3_loc = alloca i64 1"   --->   Operation 21 'alloca' 'src_buf3_loc' <Predicate = true> <Delay = 0.00>
ST_1 : Operation 22 [1/1] (0.00ns)   --->   "%buf = alloca i64 1" [/home/sxy/Desktop/Vitis_Libraries/vision/L1/include/imgproc/xf_sobel.hpp:339]   --->   Operation 22 'alloca' 'buf' <Predicate = true> <Delay = 0.00> <CoreInst = "RAM_S2P_BRAM">   --->   Core 93 'RAM_S2P_BRAM' <Latency = 1> <II = 1> <Delay = 3.25> <Storage> <Opcode : 'load' 'store'> <Ports = 2> <Width = 8> <Depth = 64> <RAM>
ST_1 : Operation 23 [1/1] (0.00ns)   --->   "%buf_1 = alloca i64 1" [/home/sxy/Desktop/Vitis_Libraries/vision/L1/include/imgproc/xf_sobel.hpp:339]   --->   Operation 23 'alloca' 'buf_1' <Predicate = true> <Delay = 0.00> <CoreInst = "RAM_S2P_BRAM">   --->   Core 93 'RAM_S2P_BRAM' <Latency = 1> <II = 1> <Delay = 3.25> <Storage> <Opcode : 'load' 'store'> <Ports = 2> <Width = 8> <Depth = 64> <RAM>
ST_1 : Operation 24 [1/1] (0.00ns)   --->   "%buf_2 = alloca i64 1" [/home/sxy/Desktop/Vitis_Libraries/vision/L1/include/imgproc/xf_sobel.hpp:339]   --->   Operation 24 'alloca' 'buf_2' <Predicate = true> <Delay = 0.00> <CoreInst = "RAM_S2P_BRAM">   --->   Core 93 'RAM_S2P_BRAM' <Latency = 1> <II = 1> <Delay = 3.25> <Storage> <Opcode : 'load' 'store'> <Ports = 2> <Width = 8> <Depth = 64> <RAM>
ST_1 : Operation 25 [1/1] (1.58ns)   --->   "%store_ln213 = store i13 1, i13 %row" [/home/sxy/Desktop/Vitis_Libraries/vision/L1/include/imgproc/xf_sobel.hpp:213->/home/sxy/Desktop/Vitis_Libraries/vision/L1/include/imgproc/xf_sobel.hpp:392]   --->   Operation 25 'store' 'store_ln213' <Predicate = true> <Delay = 1.58>
ST_1 : Operation 26 [1/1] (1.58ns)   --->   "%store_ln207 = store i13 2, i13 %row_ind" [/home/sxy/Desktop/Vitis_Libraries/vision/L1/include/imgproc/xf_sobel.hpp:207->/home/sxy/Desktop/Vitis_Libraries/vision/L1/include/imgproc/xf_sobel.hpp:392]   --->   Operation 26 'store' 'store_ln207' <Predicate = true> <Delay = 1.58>

State 2 <SV = 1> <Delay = 5.33>
ST_2 : Operation 27 [1/1] (0.00ns)   --->   "%empty = wait i32 @_ssdm_op_Wait"   --->   Operation 27 'wait' 'empty' <Predicate = true> <Delay = 0.00>
ST_2 : Operation 28 [2/2] (5.33ns)   --->   "%call_ln0 = call void @xFSobelFilter3x3_Pipeline_Clear_Row_Loop, i16 %img_width_read, i8 %buf_1, i8 %buf, i8 %out_resize_mat_data"   --->   Operation 28 'call' 'call_ln0' <Predicate = true> <Delay = 5.33> <CoreType = "Generic">   --->   Core 0 '' <Latency = 0> <II = 1> <Delay = 1.00> <Generic> <Opcode : >

State 3 <SV = 2> <Delay = 0.00>
ST_3 : Operation 29 [1/2] (0.00ns)   --->   "%call_ln0 = call void @xFSobelFilter3x3_Pipeline_Clear_Row_Loop, i16 %img_width_read, i8 %buf_1, i8 %buf, i8 %out_resize_mat_data"   --->   Operation 29 'call' 'call_ln0' <Predicate = true> <Delay = 0.00> <CoreType = "Generic">   --->   Core 0 '' <Latency = 0> <II = 1> <Delay = 1.00> <Generic> <Opcode : >

State 4 <SV = 3> <Delay = 0.00>
ST_4 : Operation 30 [1/1] (0.00ns)   --->   "%specinterface_ln0 = specinterface void @_ssdm_op_SpecInterface, i8 %out_resize_mat_data, void @empty_7, i32 0, i32 0, void @empty_19, i32 0, i32 0, void @empty_19, void @empty_19, void @empty_19, i32 0, i32 0, i32 0, i32 0, void @empty_19, void @empty_19, i32 4294967295, i32 0"   --->   Operation 30 'specinterface' 'specinterface_ln0' <Predicate = true> <Delay = 0.00>
ST_4 : Operation 31 [1/1] (0.00ns)   --->   "%specinterface_ln0 = specinterface void @_ssdm_op_SpecInterface, i8 %p_dstgx_data, void @empty_7, i32 0, i32 0, void @empty_19, i32 0, i32 0, void @empty_19, void @empty_19, void @empty_19, i32 0, i32 0, i32 0, i32 0, void @empty_19, void @empty_19, i32 4294967295, i32 0"   --->   Operation 31 'specinterface' 'specinterface_ln0' <Predicate = true> <Delay = 0.00>
ST_4 : Operation 32 [1/1] (0.00ns)   --->   "%specinterface_ln0 = specinterface void @_ssdm_op_SpecInterface, i8 %p_dstgy_data, void @empty_7, i32 0, i32 0, void @empty_19, i32 0, i32 0, void @empty_19, void @empty_19, void @empty_19, i32 0, i32 0, i32 0, i32 0, void @empty_19, void @empty_19, i32 4294967295, i32 0"   --->   Operation 32 'specinterface' 'specinterface_ln0' <Predicate = true> <Delay = 0.00>
ST_4 : Operation 33 [1/1] (0.00ns)   --->   "%specmemcore_ln347 = specmemcore void @_ssdm_op_SpecMemCore, i8 %buf_2, i64 666, i64 25, i64 18446744073709551615" [/home/sxy/Desktop/Vitis_Libraries/vision/L1/include/imgproc/xf_sobel.hpp:347]   --->   Operation 33 'specmemcore' 'specmemcore_ln347' <Predicate = true> <Delay = 0.00>
ST_4 : Operation 34 [1/1] (0.00ns)   --->   "%specmemcore_ln347 = specmemcore void @_ssdm_op_SpecMemCore, i8 %buf_1, i64 666, i64 25, i64 18446744073709551615" [/home/sxy/Desktop/Vitis_Libraries/vision/L1/include/imgproc/xf_sobel.hpp:347]   --->   Operation 34 'specmemcore' 'specmemcore_ln347' <Predicate = true> <Delay = 0.00>
ST_4 : Operation 35 [1/1] (0.00ns)   --->   "%specmemcore_ln347 = specmemcore void @_ssdm_op_SpecMemCore, i8 %buf, i64 666, i64 25, i64 18446744073709551615" [/home/sxy/Desktop/Vitis_Libraries/vision/L1/include/imgproc/xf_sobel.hpp:347]   --->   Operation 35 'specmemcore' 'specmemcore_ln347' <Predicate = true> <Delay = 0.00>
ST_4 : Operation 36 [1/1] (0.00ns)   --->   "%empty_54 = wait i32 @_ssdm_op_Wait"   --->   Operation 36 'wait' 'empty_54' <Predicate = true> <Delay = 0.00>
ST_4 : Operation 37 [1/1] (0.00ns)   --->   "%br_ln366 = br void %for.body14" [/home/sxy/Desktop/Vitis_Libraries/vision/L1/include/imgproc/xf_sobel.hpp:366]   --->   Operation 37 'br' 'br_ln366' <Predicate = true> <Delay = 0.00>

State 5 <SV = 4> <Delay = 5.74>
ST_5 : Operation 38 [1/1] (0.00ns)   --->   "%row_2 = load i13 %row" [/home/sxy/Desktop/Vitis_Libraries/vision/L1/include/imgproc/xf_sobel.hpp:366]   --->   Operation 38 'load' 'row_2' <Predicate = true> <Delay = 0.00>
ST_5 : Operation 39 [1/1] (0.00ns)   --->   "%zext_ln366 = zext i13 %row_2" [/home/sxy/Desktop/Vitis_Libraries/vision/L1/include/imgproc/xf_sobel.hpp:366]   --->   Operation 39 'zext' 'zext_ln366' <Predicate = true> <Delay = 0.00>
ST_5 : Operation 40 [1/1] (2.07ns)   --->   "%icmp_ln366 = icmp_ugt  i16 %zext_ln366, i16 %img_height_read" [/home/sxy/Desktop/Vitis_Libraries/vision/L1/include/imgproc/xf_sobel.hpp:366]   --->   Operation 40 'icmp' 'icmp_ln366' <Predicate = true> <Delay = 2.07> <CoreInst = "Cmp">   --->   Core 9 'Cmp' <Latency = 0> <II = 1> <Delay = 2.07> <FuncUnit> <Opcode : 'icmp'> <InPorts = 2> <OutPorts = 1>
ST_5 : Operation 41 [1/1] (0.00ns)   --->   "%br_ln366 = br i1 %icmp_ln366, void %for.body14.split, void %for.end293.loopexit" [/home/sxy/Desktop/Vitis_Libraries/vision/L1/include/imgproc/xf_sobel.hpp:366]   --->   Operation 41 'br' 'br_ln366' <Predicate = true> <Delay = 0.00>
ST_5 : Operation 42 [1/1] (0.00ns)   --->   "%row_ind_load = load i13 %row_ind" [/home/sxy/Desktop/Vitis_Libraries/vision/L1/include/imgproc/xf_sobel.hpp:311]   --->   Operation 42 'load' 'row_ind_load' <Predicate = (!icmp_ln366)> <Delay = 0.00>
ST_5 : Operation 43 [1/1] (0.00ns)   --->   "%tp_load = load i2 %tp"   --->   Operation 43 'load' 'tp_load' <Predicate = (!icmp_ln366)> <Delay = 0.00>
ST_5 : Operation 44 [1/1] (0.00ns)   --->   "%mid_load = load i2 %mid"   --->   Operation 44 'load' 'mid_load' <Predicate = (!icmp_ln366)> <Delay = 0.00>
ST_5 : Operation 45 [1/1] (0.00ns)   --->   "%bottom_load = load i2 %bottom"   --->   Operation 45 'load' 'bottom_load' <Predicate = (!icmp_ln366)> <Delay = 0.00>
ST_5 : Operation 46 [1/1] (0.00ns)   --->   "%trunc_ln311 = trunc i13 %row_ind_load" [/home/sxy/Desktop/Vitis_Libraries/vision/L1/include/imgproc/xf_sobel.hpp:311]   --->   Operation 46 'trunc' 'trunc_ln311' <Predicate = (!icmp_ln366)> <Delay = 0.00>
ST_5 : Operation 47 [1/1] (1.70ns)   --->   "%bottom_1 = sparsemux i2 @_ssdm_op_SparseMux.ap_auto.3i2.i2.i13, i13 2, i2 2, i13 0, i2 0, i13 1, i2 1, i2 %bottom_load, i13 %row_ind_load" [/home/sxy/Desktop/Vitis_Libraries/vision/L1/include/imgproc/xf_sobel.hpp:311]   --->   Operation 47 'sparsemux' 'bottom_1' <Predicate = (!icmp_ln366)> <Delay = 1.70> <CoreInst = "SparseMux">   --->   Core 135 'SparseMux' <Latency = 0> <II = 1> <Delay = 1.70> <FuncUnit> <Opcode : 'sparsemux'> <InPorts = 2> <OutPorts = 1>
ST_5 : Operation 48 [1/1] (1.70ns)   --->   "%mid_1 = sparsemux i2 @_ssdm_op_SparseMux.ap_auto.3i2.i2.i13, i13 2, i2 1, i13 0, i2 2, i13 1, i2 0, i2 %mid_load, i13 %row_ind_load" [/home/sxy/Desktop/Vitis_Libraries/vision/L1/include/imgproc/xf_sobel.hpp:311]   --->   Operation 48 'sparsemux' 'mid_1' <Predicate = (!icmp_ln366)> <Delay = 1.70> <CoreInst = "SparseMux">   --->   Core 135 'SparseMux' <Latency = 0> <II = 1> <Delay = 1.70> <FuncUnit> <Opcode : 'sparsemux'> <InPorts = 2> <OutPorts = 1>
ST_5 : Operation 49 [1/1] (1.70ns)   --->   "%tp_1 = sparsemux i2 @_ssdm_op_SparseMux.ap_auto.3i2.i2.i13, i13 2, i2 0, i13 0, i2 1, i13 1, i2 2, i2 %tp_load, i13 %row_ind_load" [/home/sxy/Desktop/Vitis_Libraries/vision/L1/include/imgproc/xf_sobel.hpp:311]   --->   Operation 49 'sparsemux' 'tp_1' <Predicate = (!icmp_ln366)> <Delay = 1.70> <CoreInst = "SparseMux">   --->   Core 135 'SparseMux' <Latency = 0> <II = 1> <Delay = 1.70> <FuncUnit> <Opcode : 'sparsemux'> <InPorts = 2> <OutPorts = 1>
ST_5 : Operation 50 [1/1] (2.07ns)   --->   "%cmp_i_i603_i = icmp_ult  i16 %zext_ln366, i16 %img_height_read" [/home/sxy/Desktop/Vitis_Libraries/vision/L1/include/imgproc/xf_sobel.hpp:366]   --->   Operation 50 'icmp' 'cmp_i_i603_i' <Predicate = (!icmp_ln366)> <Delay = 2.07> <CoreInst = "Cmp">   --->   Core 9 'Cmp' <Latency = 0> <II = 1> <Delay = 2.07> <FuncUnit> <Opcode : 'icmp'> <InPorts = 2> <OutPorts = 1>
ST_5 : Operation 51 [1/1] (0.00ns)   --->   "%empty_55 = wait i32 @_ssdm_op_Wait"   --->   Operation 51 'wait' 'empty_55' <Predicate = (!icmp_ln366)> <Delay = 0.00>
ST_5 : Operation 52 [2/2] (3.66ns)   --->   "%call_ln311 = call void @xFSobelFilter3x3_Pipeline_Col_Loop, i16 %img_width_read, i8 %buf, i8 %buf_1, i8 %buf_2, i2 %tp_1, i2 %mid_1, i2 %bottom_1, i8 %out_resize_mat_data, i2 %trunc_ln311, i1 %cmp_i_i603_i, i8 %p_dstgx_data, i8 %p_dstgy_data, i8 %src_buf3_loc, i8 %src_buf2_loc, i8 %src_buf3_1_loc, i8 %src_buf1_loc, i8 %src_buf1_1_loc" [/home/sxy/Desktop/Vitis_Libraries/vision/L1/include/imgproc/xf_sobel.hpp:311]   --->   Operation 52 'call' 'call_ln311' <Predicate = (!icmp_ln366)> <Delay = 3.66> <CoreType = "Generic">   --->   Core 0 '' <Latency = 0> <II = 1> <Delay = 1.00> <Generic> <Opcode : >
ST_5 : Operation 53 [1/1] (1.67ns)   --->   "%row_ind_1 = add i13 %row_ind_load, i13 1" [/home/sxy/Desktop/Vitis_Libraries/vision/L1/include/imgproc/xf_sobel.hpp:457]   --->   Operation 53 'add' 'row_ind_1' <Predicate = (!icmp_ln366)> <Delay = 1.67> <CoreInst = "Adder">   --->   Core 1 'Adder' <Latency = 0> <II = 1> <Delay = 1.67> <FuncUnit> <Opcode : 'add' 'sub'> <InPorts = 2> <OutPorts = 1>
ST_5 : Operation 54 [1/1] (1.67ns)   --->   "%icmp_ln458 = icmp_eq  i13 %row_ind_1, i13 3" [/home/sxy/Desktop/Vitis_Libraries/vision/L1/include/imgproc/xf_sobel.hpp:458]   --->   Operation 54 'icmp' 'icmp_ln458' <Predicate = (!icmp_ln366)> <Delay = 1.67> <CoreInst = "Cmp">   --->   Core 9 'Cmp' <Latency = 0> <II = 1> <Delay = 1.67> <FuncUnit> <Opcode : 'icmp'> <InPorts = 2> <OutPorts = 1>
ST_5 : Operation 55 [1/1] (0.69ns)   --->   "%row_ind_2 = select i1 %icmp_ln458, i13 0, i13 %row_ind_1" [/home/sxy/Desktop/Vitis_Libraries/vision/L1/include/imgproc/xf_sobel.hpp:458]   --->   Operation 55 'select' 'row_ind_2' <Predicate = (!icmp_ln366)> <Delay = 0.69> <CoreInst = "Sel">   --->   Core 73 'Sel' <Latency = 0> <II = 1> <Delay = 0.69> <FuncUnit> <Opcode : 'select'> <InPorts = 3> <OutPorts = 1>
ST_5 : Operation 56 [1/1] (1.67ns)   --->   "%row_3 = add i13 %row_2, i13 1" [/home/sxy/Desktop/Vitis_Libraries/vision/L1/include/imgproc/xf_sobel.hpp:366]   --->   Operation 56 'add' 'row_3' <Predicate = (!icmp_ln366)> <Delay = 1.67> <CoreInst = "Adder">   --->   Core 1 'Adder' <Latency = 0> <II = 1> <Delay = 1.67> <FuncUnit> <Opcode : 'add' 'sub'> <InPorts = 2> <OutPorts = 1>
ST_5 : Operation 57 [1/1] (0.00ns)   --->   "%store_ln312 = store i2 %bottom_1, i2 %bottom" [/home/sxy/Desktop/Vitis_Libraries/vision/L1/include/imgproc/xf_sobel.hpp:312]   --->   Operation 57 'store' 'store_ln312' <Predicate = (!icmp_ln366)> <Delay = 0.00>
ST_5 : Operation 58 [1/1] (0.00ns)   --->   "%store_ln312 = store i2 %mid_1, i2 %mid" [/home/sxy/Desktop/Vitis_Libraries/vision/L1/include/imgproc/xf_sobel.hpp:312]   --->   Operation 58 'store' 'store_ln312' <Predicate = (!icmp_ln366)> <Delay = 0.00>
ST_5 : Operation 59 [1/1] (0.00ns)   --->   "%store_ln312 = store i2 %tp_1, i2 %tp" [/home/sxy/Desktop/Vitis_Libraries/vision/L1/include/imgproc/xf_sobel.hpp:312]   --->   Operation 59 'store' 'store_ln312' <Predicate = (!icmp_ln366)> <Delay = 0.00>
ST_5 : Operation 60 [1/1] (1.58ns)   --->   "%store_ln213 = store i13 %row_3, i13 %row" [/home/sxy/Desktop/Vitis_Libraries/vision/L1/include/imgproc/xf_sobel.hpp:213->/home/sxy/Desktop/Vitis_Libraries/vision/L1/include/imgproc/xf_sobel.hpp:392]   --->   Operation 60 'store' 'store_ln213' <Predicate = (!icmp_ln366)> <Delay = 1.58>
ST_5 : Operation 61 [1/1] (1.58ns)   --->   "%store_ln207 = store i13 %row_ind_2, i13 %row_ind" [/home/sxy/Desktop/Vitis_Libraries/vision/L1/include/imgproc/xf_sobel.hpp:207->/home/sxy/Desktop/Vitis_Libraries/vision/L1/include/imgproc/xf_sobel.hpp:392]   --->   Operation 61 'store' 'store_ln207' <Predicate = (!icmp_ln366)> <Delay = 1.58>
ST_5 : Operation 62 [1/1] (0.00ns)   --->   "%ret_ln462 = ret" [/home/sxy/Desktop/Vitis_Libraries/vision/L1/include/imgproc/xf_sobel.hpp:462]   --->   Operation 62 'ret' 'ret_ln462' <Predicate = (icmp_ln366)> <Delay = 0.00>

State 6 <SV = 5> <Delay = 0.00>
ST_6 : Operation 63 [1/2] (0.00ns)   --->   "%call_ln311 = call void @xFSobelFilter3x3_Pipeline_Col_Loop, i16 %img_width_read, i8 %buf, i8 %buf_1, i8 %buf_2, i2 %tp_1, i2 %mid_1, i2 %bottom_1, i8 %out_resize_mat_data, i2 %trunc_ln311, i1 %cmp_i_i603_i, i8 %p_dstgx_data, i8 %p_dstgy_data, i8 %src_buf3_loc, i8 %src_buf2_loc, i8 %src_buf3_1_loc, i8 %src_buf1_loc, i8 %src_buf1_1_loc" [/home/sxy/Desktop/Vitis_Libraries/vision/L1/include/imgproc/xf_sobel.hpp:311]   --->   Operation 63 'call' 'call_ln311' <Predicate = true> <Delay = 0.00> <CoreType = "Generic">   --->   Core 0 '' <Latency = 0> <II = 1> <Delay = 1.00> <Generic> <Opcode : >

State 7 <SV = 6> <Delay = 3.73>
ST_7 : Operation 64 [1/1] (0.00ns)   --->   "%src_buf3_loc_load = load i8 %src_buf3_loc"   --->   Operation 64 'load' 'src_buf3_loc_load' <Predicate = true> <Delay = 0.00>
ST_7 : Operation 65 [1/1] (0.00ns)   --->   "%src_buf2_loc_load = load i8 %src_buf2_loc"   --->   Operation 65 'load' 'src_buf2_loc_load' <Predicate = true> <Delay = 0.00>
ST_7 : Operation 66 [1/1] (0.00ns)   --->   "%src_buf3_1_loc_load = load i8 %src_buf3_1_loc"   --->   Operation 66 'load' 'src_buf3_1_loc_load' <Predicate = true> <Delay = 0.00>
ST_7 : Operation 67 [1/1] (0.00ns)   --->   "%src_buf1_loc_load = load i8 %src_buf1_loc"   --->   Operation 67 'load' 'src_buf1_loc_load' <Predicate = true> <Delay = 0.00>
ST_7 : Operation 68 [1/1] (0.00ns)   --->   "%src_buf1_1_loc_load = load i8 %src_buf1_1_loc"   --->   Operation 68 'load' 'src_buf1_1_loc_load' <Predicate = true> <Delay = 0.00>
ST_7 : Operation 69 [1/1] (0.00ns)   --->   "%empty_56 = wait i32 @_ssdm_op_Wait"   --->   Operation 69 'wait' 'empty_56' <Predicate = true> <Delay = 0.00>
ST_7 : Operation 70 [2/2] (1.91ns)   --->   "%ref_tmp = call i8 @xFGradientX3x3<0, 0>, i8 %src_buf1_1_loc_load, i8 0, i8 %src_buf2_loc_load, i8 0, i8 %src_buf3_loc_load, i8 0" [/home/sxy/Desktop/Vitis_Libraries/vision/L1/include/imgproc/xf_sobel.hpp:433]   --->   Operation 70 'call' 'ref_tmp' <Predicate = true> <Delay = 1.91> <CoreType = "Generic">   --->   Core 0 '' <Latency = 0> <II = 1> <Delay = 1.00> <Generic> <Opcode : >
ST_7 : Operation 71 [2/2] (3.73ns)   --->   "%ref_tmp1 = call i8 @xFGradientY3x3<0, 0>, i8 %src_buf1_1_loc_load, i8 %src_buf1_loc_load, i8 0, i8 %src_buf3_loc_load, i8 %src_buf3_1_loc_load, i8 0" [/home/sxy/Desktop/Vitis_Libraries/vision/L1/include/imgproc/xf_sobel.hpp:438]   --->   Operation 71 'call' 'ref_tmp1' <Predicate = true> <Delay = 3.73> <CoreType = "Generic">   --->   Core 0 '' <Latency = 0> <II = 1> <Delay = 1.00> <Generic> <Opcode : >

State 8 <SV = 7> <Delay = 6.65>
ST_8 : Operation 72 [1/2] (6.65ns)   --->   "%ref_tmp = call i8 @xFGradientX3x3<0, 0>, i8 %src_buf1_1_loc_load, i8 0, i8 %src_buf2_loc_load, i8 0, i8 %src_buf3_loc_load, i8 0" [/home/sxy/Desktop/Vitis_Libraries/vision/L1/include/imgproc/xf_sobel.hpp:433]   --->   Operation 72 'call' 'ref_tmp' <Predicate = true> <Delay = 6.65> <CoreType = "Generic">   --->   Core 0 '' <Latency = 0> <II = 1> <Delay = 1.00> <Generic> <Opcode : >
ST_8 : Operation 73 [1/2] (6.65ns)   --->   "%ref_tmp1 = call i8 @xFGradientY3x3<0, 0>, i8 %src_buf1_1_loc_load, i8 %src_buf1_loc_load, i8 0, i8 %src_buf3_loc_load, i8 %src_buf3_1_loc_load, i8 0" [/home/sxy/Desktop/Vitis_Libraries/vision/L1/include/imgproc/xf_sobel.hpp:438]   --->   Operation 73 'call' 'ref_tmp1' <Predicate = true> <Delay = 6.65> <CoreType = "Generic">   --->   Core 0 '' <Latency = 0> <II = 1> <Delay = 1.00> <Generic> <Opcode : >

State 9 <SV = 8> <Delay = 3.63>
ST_9 : Operation 74 [1/1] (0.00ns)   --->   "%speclooptripcount_ln368 = speclooptripcount void @_ssdm_op_SpecLoopTripCount, i64 64, i64 64, i64 64" [/home/sxy/Desktop/Vitis_Libraries/vision/L1/include/imgproc/xf_sobel.hpp:368]   --->   Operation 74 'speclooptripcount' 'speclooptripcount_ln368' <Predicate = true> <Delay = 0.00>
ST_9 : Operation 75 [1/1] (0.00ns)   --->   "%specloopname_ln366 = specloopname void @_ssdm_op_SpecLoopName, void @empty_5" [/home/sxy/Desktop/Vitis_Libraries/vision/L1/include/imgproc/xf_sobel.hpp:366]   --->   Operation 75 'specloopname' 'specloopname_ln366' <Predicate = true> <Delay = 0.00>
ST_9 : Operation 76 [1/1] (3.63ns)   --->   "%write_ln553 = write void @_ssdm_op_Write.ap_fifo.volatile.i8P0A, i8 %p_dstgx_data, i8 %ref_tmp" [/home/sxy/Desktop/Vitis_Libraries/vision/L1/include/common/xf_structs.hpp:553->/home/sxy/Desktop/Vitis_Libraries/vision/L1/include/imgproc/xf_sobel.hpp:449]   --->   Operation 76 'write' 'write_ln553' <Predicate = true> <Delay = 3.63> <CoreInst = "FIFO_SRL">   --->   Core 81 'FIFO_SRL' <Latency = 0> <II = 1> <Delay = 3.63> <Storage> <Opcode : 'read' 'write' 'nbread' 'nbwrite'> <Ports = 0> <Width = 8> <Depth = 2> <FIFO>
ST_9 : Operation 77 [1/1] (3.63ns)   --->   "%write_ln553 = write void @_ssdm_op_Write.ap_fifo.volatile.i8P0A, i8 %p_dstgy_data, i8 %ref_tmp1" [/home/sxy/Desktop/Vitis_Libraries/vision/L1/include/common/xf_structs.hpp:553->/home/sxy/Desktop/Vitis_Libraries/vision/L1/include/imgproc/xf_sobel.hpp:450]   --->   Operation 77 'write' 'write_ln553' <Predicate = true> <Delay = 3.63> <CoreInst = "FIFO_SRL">   --->   Core 81 'FIFO_SRL' <Latency = 0> <II = 1> <Delay = 3.63> <Storage> <Opcode : 'read' 'write' 'nbread' 'nbwrite'> <Ports = 0> <Width = 8> <Depth = 2> <FIFO>
ST_9 : Operation 78 [1/1] (0.00ns)   --->   "%br_ln366 = br void %for.body14" [/home/sxy/Desktop/Vitis_Libraries/vision/L1/include/imgproc/xf_sobel.hpp:366]   --->   Operation 78 'br' 'br_ln366' <Predicate = true> <Delay = 0.00>


============================================================
+ Verbose Summary: Timing violations
============================================================
Target clock period: 10.000ns, clock uncertainty: 2.700ns.

 <State 1>: 1.588ns
The critical path consists of the following:
	'alloca' operation 13 bit ('row', /home/sxy/Desktop/Vitis_Libraries/vision/L1/include/imgproc/xf_sobel.hpp:213->/home/sxy/Desktop/Vitis_Libraries/vision/L1/include/imgproc/xf_sobel.hpp:392) [7]  (0.000 ns)
	'store' operation 0 bit ('store_ln213', /home/sxy/Desktop/Vitis_Libraries/vision/L1/include/imgproc/xf_sobel.hpp:213->/home/sxy/Desktop/Vitis_Libraries/vision/L1/include/imgproc/xf_sobel.hpp:392) of constant 1 on local variable 'row', /home/sxy/Desktop/Vitis_Libraries/vision/L1/include/imgproc/xf_sobel.hpp:213->/home/sxy/Desktop/Vitis_Libraries/vision/L1/include/imgproc/xf_sobel.hpp:392 [30]  (1.588 ns)

 <State 2>: 5.331ns
The critical path consists of the following:
	'call' operation 0 bit ('call_ln0') to 'xFSobelFilter3x3_Pipeline_Clear_Row_Loop' [28]  (5.331 ns)

 <State 3>: 0.000ns
The critical path consists of the following:

 <State 4>: 0.000ns
The critical path consists of the following:

 <State 5>: 5.742ns
The critical path consists of the following:
	'load' operation 13 bit ('row', /home/sxy/Desktop/Vitis_Libraries/vision/L1/include/imgproc/xf_sobel.hpp:366) on local variable 'row', /home/sxy/Desktop/Vitis_Libraries/vision/L1/include/imgproc/xf_sobel.hpp:213->/home/sxy/Desktop/Vitis_Libraries/vision/L1/include/imgproc/xf_sobel.hpp:392 [34]  (0.000 ns)
	'icmp' operation 1 bit ('cmp_i_i603_i', /home/sxy/Desktop/Vitis_Libraries/vision/L1/include/imgproc/xf_sobel.hpp:366) [49]  (2.077 ns)
	'call' operation 0 bit ('call_ln311', /home/sxy/Desktop/Vitis_Libraries/vision/L1/include/imgproc/xf_sobel.hpp:311) to 'xFSobelFilter3x3_Pipeline_Col_Loop' [51]  (3.665 ns)

 <State 6>: 0.000ns
The critical path consists of the following:

 <State 7>: 3.738ns
The critical path consists of the following:
	'load' operation 8 bit ('src_buf3_loc_load') on local variable 'src_buf3_loc' [52]  (0.000 ns)
	'call' operation 8 bit ('ref_tmp1', /home/sxy/Desktop/Vitis_Libraries/vision/L1/include/imgproc/xf_sobel.hpp:438) to 'xFGradientY3x3<0, 0>' [59]  (3.738 ns)

 <State 8>: 6.655ns
The critical path consists of the following:
	'call' operation 8 bit ('ref_tmp', /home/sxy/Desktop/Vitis_Libraries/vision/L1/include/imgproc/xf_sobel.hpp:433) to 'xFGradientX3x3<0, 0>' [58]  (6.655 ns)

 <State 9>: 3.634ns
The critical path consists of the following:
	fifo write operation ('write_ln553', /home/sxy/Desktop/Vitis_Libraries/vision/L1/include/common/xf_structs.hpp:553->/home/sxy/Desktop/Vitis_Libraries/vision/L1/include/imgproc/xf_sobel.hpp:449) on port 'p_dstgx_data' (/home/sxy/Desktop/Vitis_Libraries/vision/L1/include/common/xf_structs.hpp:553->/home/sxy/Desktop/Vitis_Libraries/vision/L1/include/imgproc/xf_sobel.hpp:449) [60]  (3.634 ns)


============================================================
+ Verbose Summary: Binding
============================================================
N/A
* FSMD analyzer results:
  - Output states:
 - Input state : 
  - Chain level:
	State 1
	State 2
	State 3
	State 4
	State 5
	State 6
	State 7
	State 8
	State 9


============================================================
+ Verbose Summary: Datapath Resource usage 
============================================================
N/A
