#-----------------------------------------------------------
# Vivado v2023.2 (64-bit)
# SW Build 4029153 on Fri Oct 13 20:13:54 MDT 2023
# IP Build 4028589 on Sat Oct 14 00:45:43 MDT 2023
# SharedData Build 4025554 on Tue Oct 10 17:18:54 MDT 2023
# Start of session at: Sun Jul 14 17:10:19 2024
# Process ID: 17994
# Current directory: /home/sxy/Desktop/vivado_workspace/lab1_sobel/Lab1_sobel _max/Lab1_sobel.runs/impl_1
# Command line: vivado -log sobel_wrapper.vdi -applog -product Vivado -messageDb vivado.pb -mode batch -source sobel_wrapper.tcl -notrace
# Log file: /home/sxy/Desktop/vivado_workspace/lab1_sobel/Lab1_sobel _max/Lab1_sobel.runs/impl_1/sobel_wrapper.vdi
# Journal file: /home/sxy/Desktop/vivado_workspace/lab1_sobel/Lab1_sobel _max/Lab1_sobel.runs/impl_1/vivado.jou
# Running On: sxy-Lenovo-Legion-Y7000-2020, OS: Linux, CPU Frequency: 4280.323 MHz, CPU Physical cores: 4, Host memory: 16615 MB
#-----------------------------------------------------------
source sobel_wrapper.tcl -notrace
