

================================================================
== Vitis HLS Report for 'Mat2Axi_Block_entry24_proc'
================================================================
* Date:           Mon Jul 15 19:05:00 2024

* Version:        2023.2 (Build 4023990 on Oct 11 2023)
* Project:        sobel_resize_xf
* Solution:       sol2 (Vivado IP Flow Target)
* Product family: zynq
* Target device:  xc7z020-clg484-1


================================================================
== Performance Estimates
================================================================
+ Timing: 
    * Summary: 
    +--------+----------+----------+------------+
    |  Clock |  Target  | Estimated| Uncertainty|
    +--------+----------+----------+------------+
    |ap_clk  |  10.00 ns|  3.634 ns|     2.70 ns|
    +--------+----------+----------+------------+

+ Latency: 
    * Summary: 
    +---------+---------+----------+----------+-----+-----+---------+
    |  Latency (cycles) |  Latency (absolute) |  Interval | Pipeline|
    |   min   |   max   |    min   |    max   | min | max |   Type  |
    +---------+---------+----------+----------+-----+-----+---------+
    |        0|        0|      0 ns|      0 ns|    0|    0|       no|
    +---------+---------+----------+----------+-----+-----+---------+

    + Detail: 
        * Instance: 
        N/A

        * Loop: 
        N/A



================================================================
== Utilization Estimates
================================================================
* Summary: 
+-----------------+---------+-----+--------+-------+-----+
|       Name      | BRAM_18K| DSP |   FF   |  LUT  | URAM|
+-----------------+---------+-----+--------+-------+-----+
|DSP              |        -|    -|       -|      -|    -|
|Expression       |        -|    -|       0|      2|    -|
|FIFO             |        -|    -|       -|      -|    -|
|Instance         |        -|    -|       -|      -|    -|
|Memory           |        -|    -|       -|      -|    -|
|Multiplexer      |        -|    -|       -|     18|    -|
|Register         |        -|    -|      15|      -|    -|
+-----------------+---------+-----+--------+-------+-----+
|Total            |        0|    0|      15|     20|    0|
+-----------------+---------+-----+--------+-------+-----+
|Available        |      280|  220|  106400|  53200|    0|
+-----------------+---------+-----+--------+-------+-----+
|Utilization (%)  |        0|    0|      ~0|     ~0|    0|
+-----------------+---------+-----+--------+-------+-----+

+ Detail: 
    * Instance: 
    N/A

    * DSP: 
    N/A

    * Memory: 
    N/A

    * FIFO: 
    N/A

    * Expression: 
    +-----------------+----------+----+---+----+------------+------------+
    |  Variable Name  | Operation| DSP| FF| LUT| Bitwidth P0| Bitwidth P1|
    +-----------------+----------+----+---+----+------------+------------+
    |ap_block_state1  |        or|   0|  0|   2|           1|           1|
    +-----------------+----------+----+---+----+------------+------------+
    |Total            |          |   0|  0|   2|           1|           1|
    +-----------------+----------+----+---+----+------------+------------+

    * Multiplexer: 
    +-----------+----+-----------+-----+-----------+
    |    Name   | LUT| Input Size| Bits| Total Bits|
    +-----------+----+-----------+-----+-----------+
    |ap_done    |   9|          2|    1|          2|
    |ap_return  |   9|          2|   13|         26|
    +-----------+----+-----------+-----+-----------+
    |Total      |  18|          4|   14|         28|
    +-----------+----+-----------+-----+-----------+

    * Register: 
    +----------------+----+----+-----+-----------+
    |      Name      | FF | LUT| Bits| Const Bits|
    +----------------+----+----+-----+-----------+
    |ap_CS_fsm       |   1|   0|    1|          0|
    |ap_done_reg     |   1|   0|    1|          0|
    |ap_return_preg  |  13|   0|   13|          0|
    +----------------+----+----+-----+-----------+
    |Total           |  15|   0|   15|          0|
    +----------------+----+----+-----+-----------+



================================================================
== Interface
================================================================
* Summary: 
+-------------+-----+-----+------------+----------------------------+--------------+
|  RTL Ports  | Dir | Bits|  Protocol  |        Source Object       |    C Type    |
+-------------+-----+-----+------------+----------------------------+--------------+
|ap_clk       |   in|    1|  ap_ctrl_hs|  Mat2Axi_Block_entry24_proc|  return value|
|ap_rst       |   in|    1|  ap_ctrl_hs|  Mat2Axi_Block_entry24_proc|  return value|
|ap_start     |   in|    1|  ap_ctrl_hs|  Mat2Axi_Block_entry24_proc|  return value|
|ap_done      |  out|    1|  ap_ctrl_hs|  Mat2Axi_Block_entry24_proc|  return value|
|ap_continue  |   in|    1|  ap_ctrl_hs|  Mat2Axi_Block_entry24_proc|  return value|
|ap_idle      |  out|    1|  ap_ctrl_hs|  Mat2Axi_Block_entry24_proc|  return value|
|ap_ready     |  out|    1|  ap_ctrl_hs|  Mat2Axi_Block_entry24_proc|  return value|
|ap_return    |  out|   13|  ap_ctrl_hs|  Mat2Axi_Block_entry24_proc|  return value|
|axibound_1   |   in|   13|     ap_none|                  axibound_1|       pointer|
+-------------+-----+-----+------------+----------------------------+--------------+

