

================================================================
== Vitis HLS Report for 'xFSobelFilter3x3_0_0_64_64_1_0_0_1_2_2_2_1_1_64_false_s'
================================================================
* Date:           Mon Jul 15 19:05:00 2024

* Version:        2023.2 (Build 4023990 on Oct 11 2023)
* Project:        sobel_resize_xf
* Solution:       sol2 (Vivado IP Flow Target)
* Product family: zynq
* Target device:  xc7z020-clg484-1


================================================================
== Performance Estimates
================================================================
+ Timing: 
    * Summary: 
    +--------+----------+----------+------------+
    |  Clock |  Target  | Estimated| Uncertainty|
    +--------+----------+----------+------------+
    |ap_clk  |  10.00 ns|  6.919 ns|     2.70 ns|
    +--------+----------+----------+------------+

+ Latency: 
    * Summary: 
    +---------+---------+-----------+-----------+------+------+---------+
    |  Latency (cycles) |   Latency (absolute)  |   Interval  | Pipeline|
    |   min   |   max   |    min    |    max    |  min |  max |   Type  |
    +---------+---------+-----------+-----------+------+------+---------+
    |     4934|     4934|  49.340 us|  49.340 us|  4934|  4934|       no|
    +---------+---------+-----------+-----------+------+------+---------+

    + Detail: 
        * Instance: 
        +-----------------------------------------------------+------------------------------------------+---------+---------+-----------+-----------+-----+-----+---------+
        |                                                     |                                          |  Latency (cycles) |   Latency (absolute)  |  Interval | Pipeline|
        |                       Instance                      |                  Module                  |   min   |   max   |    min    |    max    | min | max |   Type  |
        +-----------------------------------------------------+------------------------------------------+---------+---------+-----------+-----------+-----+-----+---------+
        |grp_xFSobelFilter3x3_Pipeline_Clear_Row_Loop_fu_150  |xFSobelFilter3x3_Pipeline_Clear_Row_Loop  |       66|       66|   0.660 us|   0.660 us|   66|   66|       no|
        |grp_xFSobelFilter3x3_Pipeline_Col_Loop_fu_159        |xFSobelFilter3x3_Pipeline_Col_Loop        |       71|       71|   0.710 us|   0.710 us|   71|   71|       no|
        |grp_xFGradientX3x3_0_0_s_fu_183                      |xFGradientX3x3_0_0_s                      |        1|        1|  10.000 ns|  10.000 ns|    1|    1|      yes|
        |grp_xFGradientY3x3_0_0_s_fu_196                      |xFGradientY3x3_0_0_s                      |        1|        1|  10.000 ns|  10.000 ns|    1|    1|      yes|
        +-----------------------------------------------------+------------------------------------------+---------+---------+-----------+-----------+-----+-----+---------+

        * Loop: 
        +------------+---------+---------+----------+-----------+-----------+------+----------+
        |            |  Latency (cycles) | Iteration|  Initiation Interval  | Trip |          |
        |  Loop Name |   min   |   max   |  Latency |  achieved |   target  | Count| Pipelined|
        +------------+---------+---------+----------+-----------+-----------+------+----------+
        |- Row_Loop  |     4864|     4864|        76|          -|          -|    64|        no|
        +------------+---------+---------+----------+-----------+-----------+------+----------+



================================================================
== Utilization Estimates
================================================================
* Summary: 
+-----------------+---------+-----+--------+-------+-----+
|       Name      | BRAM_18K| DSP |   FF   |  LUT  | URAM|
+-----------------+---------+-----+--------+-------+-----+
|DSP              |        -|    -|       -|      -|    -|
|Expression       |        -|    -|       0|    103|    -|
|FIFO             |        -|    -|       -|      -|    -|
|Instance         |        -|    -|     476|    940|    -|
|Memory           |        3|    -|       0|      0|    -|
|Multiplexer      |        -|    -|       -|    279|    -|
|Register         |        -|    -|      68|      -|    -|
+-----------------+---------+-----+--------+-------+-----+
|Total            |        3|    0|     544|   1322|    0|
+-----------------+---------+-----+--------+-------+-----+
|Available        |      280|  220|  106400|  53200|    0|
+-----------------+---------+-----+--------+-------+-----+
|Utilization (%)  |        1|    0|      ~0|      2|    0|
+-----------------+---------+-----+--------+-------+-----+

+ Detail: 
    * Instance: 
    +-----------------------------------------------------+------------------------------------------+---------+----+-----+-----+-----+
    |                       Instance                      |                  Module                  | BRAM_18K| DSP|  FF | LUT | URAM|
    +-----------------------------------------------------+------------------------------------------+---------+----+-----+-----+-----+
    |sparsemux_7_13_2_1_1_U181                            |sparsemux_7_13_2_1_1                      |        0|   0|    0|   14|    0|
    |sparsemux_7_13_2_1_1_U182                            |sparsemux_7_13_2_1_1                      |        0|   0|    0|   14|    0|
    |sparsemux_7_13_2_1_1_U183                            |sparsemux_7_13_2_1_1                      |        0|   0|    0|   14|    0|
    |grp_xFGradientX3x3_0_0_s_fu_183                      |xFGradientX3x3_0_0_s                      |        0|   0|   36|  102|    0|
    |grp_xFGradientY3x3_0_0_s_fu_196                      |xFGradientY3x3_0_0_s                      |        0|   0|   36|  102|    0|
    |grp_xFSobelFilter3x3_Pipeline_Clear_Row_Loop_fu_150  |xFSobelFilter3x3_Pipeline_Clear_Row_Loop  |        0|   0|   29|   86|    0|
    |grp_xFSobelFilter3x3_Pipeline_Col_Loop_fu_159        |xFSobelFilter3x3_Pipeline_Col_Loop        |        0|   0|  375|  608|    0|
    +-----------------------------------------------------+------------------------------------------+---------+----+-----+-----+-----+
    |Total                                                |                                          |        0|   0|  476|  940|    0|
    +-----------------------------------------------------+------------------------------------------+---------+----+-----+-----+-----+

    * DSP: 
    N/A

    * Memory: 
    +---------+-------------------------------------------------------------------------------+---------+---+----+-----+------+-----+------+-------------+
    |  Memory |                                     Module                                    | BRAM_18K| FF| LUT| URAM| Words| Bits| Banks| W*Bits*Banks|
    +---------+-------------------------------------------------------------------------------+---------+---+----+-----+------+-----+------+-------------+
    |buf_U    |xFSobelFilter3x3_0_0_64_64_1_0_0_1_2_2_2_1_1_64_false_s_buf_RAM_S2P_BRAM_1R1W  |        1|  0|   0|    0|    64|    8|     1|          512|
    |buf_1_U  |xFSobelFilter3x3_0_0_64_64_1_0_0_1_2_2_2_1_1_64_false_s_buf_RAM_S2P_BRAM_1R1W  |        1|  0|   0|    0|    64|    8|     1|          512|
    |buf_2_U  |xFSobelFilter3x3_0_0_64_64_1_0_0_1_2_2_2_1_1_64_false_s_buf_RAM_S2P_BRAM_1R1W  |        1|  0|   0|    0|    64|    8|     1|          512|
    +---------+-------------------------------------------------------------------------------+---------+---+----+-----+------+-----+------+-------------+
    |Total    |                                                                               |        3|  0|   0|    0|   192|   24|     3|         1536|
    +---------+-------------------------------------------------------------------------------+---------+---+----+-----+------+-----+------+-------------+

    * FIFO: 
    N/A

    * Expression: 
    +------------------------+----------+----+---+----+------------+------------+
    |      Variable Name     | Operation| DSP| FF| LUT| Bitwidth P0| Bitwidth P1|
    +------------------------+----------+----+---+----+------------+------------+
    |row_3_fu_336_p2         |         +|   0|  0|  14|          13|           1|
    |row_ind_1_fu_316_p2     |         +|   0|  0|  14|          13|           1|
    |cmp_i_i603_i_fu_310_p2  |      icmp|   0|  0|  23|          16|          16|
    |icmp_ln366_fu_225_p2    |      icmp|   0|  0|  23|          16|          16|
    |icmp_ln458_fu_322_p2    |      icmp|   0|  0|  14|          13|           2|
    |ap_block_state9         |        or|   0|  0|   2|           1|           1|
    |row_ind_2_fu_328_p3     |    select|   0|  0|  13|           1|           1|
    +------------------------+----------+----+---+----+------------+------------+
    |Total                   |          |   0|  0| 103|          73|          38|
    +------------------------+----------+----+---+----+------------+------------+

    * Multiplexer: 
    +--------------------------+----+-----------+-----+-----------+
    |           Name           | LUT| Input Size| Bits| Total Bits|
    +--------------------------+----+-----------+-----+-----------+
    |ap_NS_fsm                 |  53|         10|    1|         10|
    |buf_1_address1            |  14|          3|    6|         18|
    |buf_1_ce0                 |   9|          2|    1|          2|
    |buf_1_ce1                 |  14|          3|    1|          3|
    |buf_1_d1                  |  14|          3|    8|         24|
    |buf_1_we1                 |  14|          3|    1|          3|
    |buf_address1              |  14|          3|    6|         18|
    |buf_ce0                   |   9|          2|    1|          2|
    |buf_ce1                   |  14|          3|    1|          3|
    |buf_d1                    |  14|          3|    8|         24|
    |buf_we1                   |  14|          3|    1|          3|
    |out_resize_mat_data_read  |  14|          3|    1|          3|
    |p_dstgx_data_blk_n        |   9|          2|    1|          2|
    |p_dstgx_data_din          |   9|          2|    8|         16|
    |p_dstgx_data_write        |  14|          3|    1|          3|
    |p_dstgy_data_blk_n        |   9|          2|    1|          2|
    |p_dstgy_data_din          |   9|          2|    8|         16|
    |p_dstgy_data_write        |  14|          3|    1|          3|
    |row_fu_76                 |   9|          2|   13|         26|
    |row_ind_fu_72             |   9|          2|   13|         26|
    +--------------------------+----+-----------+-----+-----------+
    |Total                     | 279|         59|   82|        207|
    +--------------------------+----+-----------+-----+-----------+

    * Register: 
    +------------------------------------------------------------------+----+----+-----+-----------+
    |                               Name                               | FF | LUT| Bits| Const Bits|
    +------------------------------------------------------------------+----+----+-----+-----------+
    |ap_CS_fsm                                                         |   9|   0|    9|          0|
    |bottom_1_reg_471                                                  |   2|   0|    2|          0|
    |bottom_fu_88                                                      |   2|   0|    2|          0|
    |cmp_i_i603_i_reg_486                                              |   1|   0|    1|          0|
    |grp_xFSobelFilter3x3_Pipeline_Clear_Row_Loop_fu_150_ap_start_reg  |   1|   0|    1|          0|
    |grp_xFSobelFilter3x3_Pipeline_Col_Loop_fu_159_ap_start_reg        |   1|   0|    1|          0|
    |mid_1_reg_476                                                     |   2|   0|    2|          0|
    |mid_fu_84                                                         |   2|   0|    2|          0|
    |ref_tmp1_reg_496                                                  |   8|   0|    8|          0|
    |ref_tmp_reg_491                                                   |   8|   0|    8|          0|
    |row_fu_76                                                         |  13|   0|   13|          0|
    |row_ind_fu_72                                                     |  13|   0|   13|          0|
    |tp_1_reg_481                                                      |   2|   0|    2|          0|
    |tp_fu_80                                                          |   2|   0|    2|          0|
    |trunc_ln311_reg_466                                               |   2|   0|    2|          0|
    +------------------------------------------------------------------+----+----+-----+-----------+
    |Total                                                             |  68|   0|   68|          0|
    +------------------------------------------------------------------+----+----+-----+-----------+



================================================================
== Interface
================================================================
* Summary: 
+------------------------------------+-----+-----+------------+----------------------------------------------------------------------+--------------+
|              RTL Ports             | Dir | Bits|  Protocol  |                             Source Object                            |    C Type    |
+------------------------------------+-----+-----+------------+----------------------------------------------------------------------+--------------+
|ap_clk                              |   in|    1|  ap_ctrl_hs|  xFSobelFilter3x3<0, 0, 64, 64, 1, 0, 0, 1, 2, 2, 2, 1, 1, 64, false>|  return value|
|ap_rst                              |   in|    1|  ap_ctrl_hs|  xFSobelFilter3x3<0, 0, 64, 64, 1, 0, 0, 1, 2, 2, 2, 1, 1, 64, false>|  return value|
|ap_start                            |   in|    1|  ap_ctrl_hs|  xFSobelFilter3x3<0, 0, 64, 64, 1, 0, 0, 1, 2, 2, 2, 1, 1, 64, false>|  return value|
|ap_done                             |  out|    1|  ap_ctrl_hs|  xFSobelFilter3x3<0, 0, 64, 64, 1, 0, 0, 1, 2, 2, 2, 1, 1, 64, false>|  return value|
|ap_idle                             |  out|    1|  ap_ctrl_hs|  xFSobelFilter3x3<0, 0, 64, 64, 1, 0, 0, 1, 2, 2, 2, 1, 1, 64, false>|  return value|
|ap_ready                            |  out|    1|  ap_ctrl_hs|  xFSobelFilter3x3<0, 0, 64, 64, 1, 0, 0, 1, 2, 2, 2, 1, 1, 64, false>|  return value|
|out_resize_mat_data_dout            |   in|    8|     ap_fifo|                                                   out_resize_mat_data|       pointer|
|out_resize_mat_data_num_data_valid  |   in|    3|     ap_fifo|                                                   out_resize_mat_data|       pointer|
|out_resize_mat_data_fifo_cap        |   in|    3|     ap_fifo|                                                   out_resize_mat_data|       pointer|
|out_resize_mat_data_empty_n         |   in|    1|     ap_fifo|                                                   out_resize_mat_data|       pointer|
|out_resize_mat_data_read            |  out|    1|     ap_fifo|                                                   out_resize_mat_data|       pointer|
|p_dstgx_data_din                    |  out|    8|     ap_fifo|                                                          p_dstgx_data|       pointer|
|p_dstgx_data_num_data_valid         |   in|    3|     ap_fifo|                                                          p_dstgx_data|       pointer|
|p_dstgx_data_fifo_cap               |   in|    3|     ap_fifo|                                                          p_dstgx_data|       pointer|
|p_dstgx_data_full_n                 |   in|    1|     ap_fifo|                                                          p_dstgx_data|       pointer|
|p_dstgx_data_write                  |  out|    1|     ap_fifo|                                                          p_dstgx_data|       pointer|
|p_dstgy_data_din                    |  out|    8|     ap_fifo|                                                          p_dstgy_data|       pointer|
|p_dstgy_data_num_data_valid         |   in|    3|     ap_fifo|                                                          p_dstgy_data|       pointer|
|p_dstgy_data_fifo_cap               |   in|    3|     ap_fifo|                                                          p_dstgy_data|       pointer|
|p_dstgy_data_full_n                 |   in|    1|     ap_fifo|                                                          p_dstgy_data|       pointer|
|p_dstgy_data_write                  |  out|    1|     ap_fifo|                                                          p_dstgy_data|       pointer|
|img_height                          |   in|   16|     ap_none|                                                            img_height|        scalar|
|img_width                           |   in|   16|     ap_none|                                                             img_width|        scalar|
+------------------------------------+-----+-----+------------+----------------------------------------------------------------------+--------------+

