#-----------------------------------------------------------
# Vivado v2023.2 (64-bit)
# SW Build 4029153 on Fri Oct 13 20:13:54 MDT 2023
# IP Build 4028589 on Sat Oct 14 00:45:43 MDT 2023
# SharedData Build 4025554 on Tue Oct 10 17:18:54 MDT 2023
# Start of session at: Sun Jul 14 17:07:57 2024
# Process ID: 17196
# Current directory: /home/sxy/Desktop/vivado_workspace/lab1_sobel/Lab1_sobel _max/Lab1_sobel.runs/sobel_auto_pc_1_synth_1
# Command line: vivado -log sobel_auto_pc_1.vds -product Vivado -mode batch -messageDb vivado.pb -notrace -source sobel_auto_pc_1.tcl
# Log file: /home/sxy/Desktop/vivado_workspace/lab1_sobel/Lab1_sobel _max/Lab1_sobel.runs/sobel_auto_pc_1_synth_1/sobel_auto_pc_1.vds
# Journal file: /home/sxy/Desktop/vivado_workspace/lab1_sobel/Lab1_sobel _max/Lab1_sobel.runs/sobel_auto_pc_1_synth_1/vivado.jou
# Running On: sxy-Lenovo-Legion-Y7000-2020, OS: Linux, CPU Frequency: 4379.481 MHz, CPU Physical cores: 4, Host memory: 16615 MB
#-----------------------------------------------------------
source sobel_auto_pc_1.tcl -notrace
